[2026-01-30T20:48:45.733+0000] {local_task_job_runner.py:120} INFO - ::group::Pre task execution logs
[2026-01-30T20:48:45.770+0000] {taskinstance.py:2076} INFO - Dependencies all met for dep_context=non-requeueable deps ti=<TaskInstance: ml_training_pipeline.train_model manual__2026-01-30T20:42:39+00:00 [queued]>
[2026-01-30T20:48:45.780+0000] {taskinstance.py:2076} INFO - Dependencies all met for dep_context=requeueable deps ti=<TaskInstance: ml_training_pipeline.train_model manual__2026-01-30T20:42:39+00:00 [queued]>
[2026-01-30T20:48:45.780+0000] {taskinstance.py:2306} INFO - Starting attempt 1 of 3
[2026-01-30T20:48:45.797+0000] {taskinstance.py:2330} INFO - Executing <Task(PythonOperator): train_model> on 2026-01-30 20:42:39+00:00
[2026-01-30T20:48:45.812+0000] {standard_task_runner.py:90} INFO - Running: ['***', 'tasks', 'run', 'ml_training_pipeline', 'train_model', 'manual__2026-01-30T20:42:39+00:00', '--job-id', '10', '--raw', '--subdir', 'DAGS_FOLDER/train.py', '--cfg-path', '/tmp/tmpzbb9jajv']
[2026-01-30T20:48:45.813+0000] {logging_mixin.py:188} WARNING - /home/***/.local/lib/python3.12/site-packages/***/task/task_runner/standard_task_runner.py:61 DeprecationWarning: This process (pid=1020) is multi-threaded, use of fork() may lead to deadlocks in the child.
[2026-01-30T20:48:45.815+0000] {standard_task_runner.py:91} INFO - Job 10: Subtask train_model
[2026-01-30T20:48:45.816+0000] {standard_task_runner.py:63} INFO - Started process 1069 to run task
[2026-01-30T20:48:45.884+0000] {task_command.py:426} INFO - Running <TaskInstance: ml_training_pipeline.train_model manual__2026-01-30T20:42:39+00:00 [running]> on host 8ea8966bddde
[2026-01-30T20:48:46.012+0000] {taskinstance.py:2648} INFO - Exporting env vars: AIRFLOW_CTX_DAG_EMAIL='data-team@example.com' AIRFLOW_CTX_DAG_OWNER='data_science_team' AIRFLOW_CTX_DAG_ID='ml_training_pipeline' AIRFLOW_CTX_TASK_ID='train_model' AIRFLOW_CTX_EXECUTION_DATE='2026-01-30T20:42:39+00:00' AIRFLOW_CTX_TRY_NUMBER='1' AIRFLOW_CTX_DAG_RUN_ID='manual__2026-01-30T20:42:39+00:00'
[2026-01-30T20:48:46.014+0000] {taskinstance.py:430} INFO - ::endgroup::
[2026-01-30T20:48:46.034+0000] {logging_mixin.py:188} INFO - 🤖 Treinando modelo...
[2026-01-30T20:48:46.201+0000] {logging_mixin.py:188} INFO - Modelo treinado!
[2026-01-30T20:48:46.274+0000] {python.py:237} INFO - Done. Returned value was: None
[2026-01-30T20:48:46.274+0000] {taskinstance.py:441} INFO - ::group::Post task execution logs
[2026-01-30T20:48:46.294+0000] {taskinstance.py:1206} INFO - Marking task as SUCCESS. dag_id=ml_training_pipeline, task_id=train_model, run_id=manual__2026-01-30T20:42:39+00:00, execution_date=20260130T204239, start_date=20260130T204845, end_date=20260130T204846
[2026-01-30T20:48:46.354+0000] {local_task_job_runner.py:240} INFO - Task exited with return code 0
[2026-01-30T20:48:46.381+0000] {taskinstance.py:3498} INFO - 1 downstream tasks scheduled from follow-on schedule check
[2026-01-30T20:48:46.384+0000] {local_task_job_runner.py:222} INFO - ::endgroup::
