[2026-01-30T20:48:40.860+0000] {local_task_job_runner.py:120} INFO - ::group::Pre task execution logs
[2026-01-30T20:48:40.926+0000] {taskinstance.py:2076} INFO - Dependencies all met for dep_context=non-requeueable deps ti=<TaskInstance: ml_training_pipeline.load_data_from_feast manual__2026-01-30T20:48:21+00:00 [queued]>
[2026-01-30T20:48:40.942+0000] {taskinstance.py:2076} INFO - Dependencies all met for dep_context=requeueable deps ti=<TaskInstance: ml_training_pipeline.load_data_from_feast manual__2026-01-30T20:48:21+00:00 [queued]>
[2026-01-30T20:48:40.943+0000] {taskinstance.py:2306} INFO - Starting attempt 1 of 3
[2026-01-30T20:48:40.975+0000] {taskinstance.py:2330} INFO - Executing <Task(PythonOperator): load_data_from_feast> on 2026-01-30 20:48:21+00:00
[2026-01-30T20:48:41.001+0000] {logging_mixin.py:188} WARNING - /home/***/.local/lib/python3.12/site-packages/***/task/task_runner/standard_task_runner.py:61 DeprecationWarning: This process (pid=952) is multi-threaded, use of fork() may lead to deadlocks in the child.
[2026-01-30T20:48:41.003+0000] {standard_task_runner.py:63} INFO - Started process 1021 to run task
[2026-01-30T20:48:41.003+0000] {standard_task_runner.py:90} INFO - Running: ['***', 'tasks', 'run', 'ml_training_pipeline', 'load_data_from_feast', 'manual__2026-01-30T20:48:21+00:00', '--job-id', '9', '--raw', '--subdir', 'DAGS_FOLDER/train.py', '--cfg-path', '/tmp/tmphh2u9_9e']
[2026-01-30T20:48:41.009+0000] {standard_task_runner.py:91} INFO - Job 9: Subtask load_data_from_feast
[2026-01-30T20:48:41.118+0000] {task_command.py:426} INFO - Running <TaskInstance: ml_training_pipeline.load_data_from_feast manual__2026-01-30T20:48:21+00:00 [running]> on host 8ea8966bddde
[2026-01-30T20:48:41.279+0000] {taskinstance.py:2648} INFO - Exporting env vars: AIRFLOW_CTX_DAG_EMAIL='data-team@example.com' AIRFLOW_CTX_DAG_OWNER='data_science_team' AIRFLOW_CTX_DAG_ID='ml_training_pipeline' AIRFLOW_CTX_TASK_ID='load_data_from_feast' AIRFLOW_CTX_EXECUTION_DATE='2026-01-30T20:48:21+00:00' AIRFLOW_CTX_TRY_NUMBER='1' AIRFLOW_CTX_DAG_RUN_ID='manual__2026-01-30T20:48:21+00:00'
[2026-01-30T20:48:41.280+0000] {taskinstance.py:430} INFO - ::endgroup::
[2026-01-30T20:48:41.304+0000] {logging_mixin.py:188} INFO - Carregando dados do Feast...
[2026-01-30T20:48:41.862+0000] {registry.py:872} INFO - Registry cache expired, so refreshing
[2026-01-30T20:48:41.866+0000] {logging_mixin.py:188} WARNING - /home/***/.local/lib/python3.12/site-packages/feast/feature_store.py:1207 RuntimeWarning: Retrieving datasets is an experimental feature. This API is unstable and it could and most probably will be changed in the future. We do not guarantee that future changes will maintain backward compatibility.
[2026-01-30T20:48:41.866+0000] {registry.py:872} INFO - Registry cache expired, so refreshing
[2026-01-30T20:48:41.950+0000] {logging_mixin.py:188} INFO - Dados carregados: (768, 7)
[2026-01-30T20:48:41.950+0000] {logging_mixin.py:188} INFO -    Colunas: ['BMI', 'DiabetesPedigreeFunction', 'SkinThickness', 'Insulin', 'event_timestamp', 'patient_id', 'Outcome']
[2026-01-30T20:48:41.996+0000] {python.py:237} INFO - Done. Returned value was: None
[2026-01-30T20:48:41.996+0000] {taskinstance.py:441} INFO - ::group::Post task execution logs
[2026-01-30T20:48:42.008+0000] {taskinstance.py:1206} INFO - Marking task as SUCCESS. dag_id=ml_training_pipeline, task_id=load_data_from_feast, run_id=manual__2026-01-30T20:48:21+00:00, execution_date=20260130T204821, start_date=20260130T204840, end_date=20260130T204842
[2026-01-30T20:48:42.063+0000] {local_task_job_runner.py:240} INFO - Task exited with return code 0
[2026-01-30T20:48:42.098+0000] {taskinstance.py:3498} INFO - 1 downstream tasks scheduled from follow-on schedule check
[2026-01-30T20:48:42.101+0000] {local_task_job_runner.py:222} INFO - ::endgroup::
