[2026-01-30T20:48:47.205+0000] {local_task_job_runner.py:120} INFO - ::group::Pre task execution logs
[2026-01-30T20:48:47.267+0000] {taskinstance.py:2076} INFO - Dependencies all met for dep_context=non-requeueable deps ti=<TaskInstance: ml_training_pipeline.prepare_and_split_data manual__2026-01-30T20:48:21+00:00 [queued]>
[2026-01-30T20:48:47.281+0000] {taskinstance.py:2076} INFO - Dependencies all met for dep_context=requeueable deps ti=<TaskInstance: ml_training_pipeline.prepare_and_split_data manual__2026-01-30T20:48:21+00:00 [queued]>
[2026-01-30T20:48:47.281+0000] {taskinstance.py:2306} INFO - Starting attempt 1 of 3
[2026-01-30T20:48:47.298+0000] {taskinstance.py:2330} INFO - Executing <Task(PythonOperator): prepare_and_split_data> on 2026-01-30 20:48:21+00:00
[2026-01-30T20:48:47.310+0000] {logging_mixin.py:188} WARNING - /home/***/.local/lib/python3.12/site-packages/***/task/task_runner/standard_task_runner.py:61 DeprecationWarning: This process (pid=1040) is multi-threaded, use of fork() may lead to deadlocks in the child.
[2026-01-30T20:48:47.311+0000] {standard_task_runner.py:63} INFO - Started process 1092 to run task
[2026-01-30T20:48:47.313+0000] {standard_task_runner.py:90} INFO - Running: ['***', 'tasks', 'run', 'ml_training_pipeline', 'prepare_and_split_data', 'manual__2026-01-30T20:48:21+00:00', '--job-id', '11', '--raw', '--subdir', 'DAGS_FOLDER/train.py', '--cfg-path', '/tmp/tmpnroddo50']
[2026-01-30T20:48:47.316+0000] {standard_task_runner.py:91} INFO - Job 11: Subtask prepare_and_split_data
[2026-01-30T20:48:47.374+0000] {task_command.py:426} INFO - Running <TaskInstance: ml_training_pipeline.prepare_and_split_data manual__2026-01-30T20:48:21+00:00 [running]> on host 8ea8966bddde
[2026-01-30T20:48:47.476+0000] {taskinstance.py:2648} INFO - Exporting env vars: AIRFLOW_CTX_DAG_EMAIL='data-team@example.com' AIRFLOW_CTX_DAG_OWNER='data_science_team' AIRFLOW_CTX_DAG_ID='ml_training_pipeline' AIRFLOW_CTX_TASK_ID='prepare_and_split_data' AIRFLOW_CTX_EXECUTION_DATE='2026-01-30T20:48:21+00:00' AIRFLOW_CTX_TRY_NUMBER='1' AIRFLOW_CTX_DAG_RUN_ID='manual__2026-01-30T20:48:21+00:00'
[2026-01-30T20:48:47.478+0000] {taskinstance.py:430} INFO - ::endgroup::
[2026-01-30T20:48:47.491+0000] {logging_mixin.py:188} INFO - 🔧 Preparando features e dividindo dados...
[2026-01-30T20:48:47.537+0000] {logging_mixin.py:188} INFO - 📊 Dados divididos:
[2026-01-30T20:48:47.538+0000] {logging_mixin.py:188} INFO -    Treino: 576 amostras
[2026-01-30T20:48:47.538+0000] {logging_mixin.py:188} INFO -    Teste: 192 amostras
[2026-01-30T20:48:47.641+0000] {python.py:237} INFO - Done. Returned value was: None
[2026-01-30T20:48:47.642+0000] {taskinstance.py:441} INFO - ::group::Post task execution logs
[2026-01-30T20:48:47.655+0000] {taskinstance.py:1206} INFO - Marking task as SUCCESS. dag_id=ml_training_pipeline, task_id=prepare_and_split_data, run_id=manual__2026-01-30T20:48:21+00:00, execution_date=20260130T204821, start_date=20260130T204847, end_date=20260130T204847
[2026-01-30T20:48:47.686+0000] {local_task_job_runner.py:240} INFO - Task exited with return code 0
[2026-01-30T20:48:47.724+0000] {taskinstance.py:3498} INFO - 0 downstream tasks scheduled from follow-on schedule check
[2026-01-30T20:48:47.728+0000] {local_task_job_runner.py:222} INFO - ::endgroup::
