[2026-01-30T20:49:21.722+0000] {local_task_job_runner.py:120} INFO - ::group::Pre task execution logs
[2026-01-30T20:49:21.747+0000] {taskinstance.py:2076} INFO - Dependencies all met for dep_context=non-requeueable deps ti=<TaskInstance: ml_training_pipeline.cleanup_temp_files manual__2026-01-30T20:42:39+00:00 [queued]>
[2026-01-30T20:49:21.755+0000] {taskinstance.py:2076} INFO - Dependencies all met for dep_context=requeueable deps ti=<TaskInstance: ml_training_pipeline.cleanup_temp_files manual__2026-01-30T20:42:39+00:00 [queued]>
[2026-01-30T20:49:21.756+0000] {taskinstance.py:2306} INFO - Starting attempt 1 of 3
[2026-01-30T20:49:21.768+0000] {taskinstance.py:2330} INFO - Executing <Task(PythonOperator): cleanup_temp_files> on 2026-01-30 20:42:39+00:00
[2026-01-30T20:49:21.779+0000] {standard_task_runner.py:90} INFO - Running: ['***', 'tasks', 'run', 'ml_training_pipeline', 'cleanup_temp_files', 'manual__2026-01-30T20:42:39+00:00', '--job-id', '19', '--raw', '--subdir', 'DAGS_FOLDER/train.py', '--cfg-path', '/tmp/tmp5drpyeqd']
[2026-01-30T20:49:21.782+0000] {standard_task_runner.py:91} INFO - Job 19: Subtask cleanup_temp_files
[2026-01-30T20:49:21.782+0000] {logging_mixin.py:188} WARNING - /home/***/.local/lib/python3.12/site-packages/***/task/task_runner/standard_task_runner.py:61 DeprecationWarning: This process (pid=1358) is multi-threaded, use of fork() may lead to deadlocks in the child.
[2026-01-30T20:49:21.782+0000] {standard_task_runner.py:63} INFO - Started process 1399 to run task
[2026-01-30T20:49:21.834+0000] {task_command.py:426} INFO - Running <TaskInstance: ml_training_pipeline.cleanup_temp_files manual__2026-01-30T20:42:39+00:00 [running]> on host 8ea8966bddde
[2026-01-30T20:49:21.956+0000] {taskinstance.py:2648} INFO - Exporting env vars: AIRFLOW_CTX_DAG_EMAIL='data-team@example.com' AIRFLOW_CTX_DAG_OWNER='data_science_team' AIRFLOW_CTX_DAG_ID='ml_training_pipeline' AIRFLOW_CTX_TASK_ID='cleanup_temp_files' AIRFLOW_CTX_EXECUTION_DATE='2026-01-30T20:42:39+00:00' AIRFLOW_CTX_TRY_NUMBER='1' AIRFLOW_CTX_DAG_RUN_ID='manual__2026-01-30T20:42:39+00:00'
[2026-01-30T20:49:21.959+0000] {taskinstance.py:430} INFO - ::endgroup::
[2026-01-30T20:49:21.973+0000] {logging_mixin.py:188} INFO - Limpando arquivos temporários...
[2026-01-30T20:49:21.974+0000] {logging_mixin.py:188} INFO -    Removido: /tmp/training_data.parquet
[2026-01-30T20:49:21.974+0000] {logging_mixin.py:188} INFO -    Removido: /tmp/X_train.parquet
[2026-01-30T20:49:21.975+0000] {logging_mixin.py:188} INFO -    Removido: /tmp/X_test.parquet
[2026-01-30T20:49:21.975+0000] {logging_mixin.py:188} INFO -    Removido: /tmp/y_train.parquet
[2026-01-30T20:49:21.975+0000] {logging_mixin.py:188} INFO -    Removido: /tmp/y_test.parquet
[2026-01-30T20:49:21.975+0000] {logging_mixin.py:188} INFO -    Removido: /tmp/y_test_pred.parquet
[2026-01-30T20:49:21.976+0000] {logging_mixin.py:188} INFO -    Removido: /tmp/model.pkl
[2026-01-30T20:49:21.976+0000] {logging_mixin.py:188} INFO -    Removido: /tmp/confusion_matrix.png
[2026-01-30T20:49:21.976+0000] {logging_mixin.py:188} INFO -    Removido: /tmp/features.txt
[2026-01-30T20:49:21.976+0000] {logging_mixin.py:188} INFO -  Limpeza concluída!
[2026-01-30T20:49:21.976+0000] {python.py:237} INFO - Done. Returned value was: None
[2026-01-30T20:49:21.977+0000] {taskinstance.py:441} INFO - ::group::Post task execution logs
[2026-01-30T20:49:21.987+0000] {taskinstance.py:1206} INFO - Marking task as SUCCESS. dag_id=ml_training_pipeline, task_id=cleanup_temp_files, run_id=manual__2026-01-30T20:42:39+00:00, execution_date=20260130T204239, start_date=20260130T204921, end_date=20260130T204921
[2026-01-30T20:49:22.037+0000] {local_task_job_runner.py:240} INFO - Task exited with return code 0
[2026-01-30T20:49:22.058+0000] {taskinstance.py:3498} INFO - 0 downstream tasks scheduled from follow-on schedule check
[2026-01-30T20:49:22.061+0000] {local_task_job_runner.py:222} INFO - ::endgroup::
