[2026-01-30T20:48:56.923+0000] {local_task_job_runner.py:120} INFO - ::group::Pre task execution logs
[2026-01-30T20:48:56.948+0000] {taskinstance.py:2076} INFO - Dependencies all met for dep_context=non-requeueable deps ti=<TaskInstance: ml_training_pipeline.create_artifacts manual__2026-01-30T20:42:39+00:00 [queued]>
[2026-01-30T20:48:56.958+0000] {taskinstance.py:2076} INFO - Dependencies all met for dep_context=requeueable deps ti=<TaskInstance: ml_training_pipeline.create_artifacts manual__2026-01-30T20:42:39+00:00 [queued]>
[2026-01-30T20:48:56.958+0000] {taskinstance.py:2306} INFO - Starting attempt 1 of 3
[2026-01-30T20:48:56.970+0000] {taskinstance.py:2330} INFO - Executing <Task(PythonOperator): create_artifacts> on 2026-01-30 20:42:39+00:00
[2026-01-30T20:48:56.982+0000] {logging_mixin.py:188} WARNING - /home/***/.local/lib/python3.12/site-packages/***/task/task_runner/standard_task_runner.py:61 DeprecationWarning: This process (pid=1143) is multi-threaded, use of fork() may lead to deadlocks in the child.
[2026-01-30T20:48:56.983+0000] {standard_task_runner.py:63} INFO - Started process 1192 to run task
[2026-01-30T20:48:56.982+0000] {standard_task_runner.py:90} INFO - Running: ['***', 'tasks', 'run', 'ml_training_pipeline', 'create_artifacts', 'manual__2026-01-30T20:42:39+00:00', '--job-id', '14', '--raw', '--subdir', 'DAGS_FOLDER/train.py', '--cfg-path', '/tmp/tmpv9g0d2hl']
[2026-01-30T20:48:56.985+0000] {standard_task_runner.py:91} INFO - Job 14: Subtask create_artifacts
[2026-01-30T20:48:57.039+0000] {task_command.py:426} INFO - Running <TaskInstance: ml_training_pipeline.create_artifacts manual__2026-01-30T20:42:39+00:00 [running]> on host 8ea8966bddde
[2026-01-30T20:48:57.126+0000] {taskinstance.py:2648} INFO - Exporting env vars: AIRFLOW_CTX_DAG_EMAIL='data-team@example.com' AIRFLOW_CTX_DAG_OWNER='data_science_team' AIRFLOW_CTX_DAG_ID='ml_training_pipeline' AIRFLOW_CTX_TASK_ID='create_artifacts' AIRFLOW_CTX_EXECUTION_DATE='2026-01-30T20:42:39+00:00' AIRFLOW_CTX_TRY_NUMBER='1' AIRFLOW_CTX_DAG_RUN_ID='manual__2026-01-30T20:42:39+00:00'
[2026-01-30T20:48:57.127+0000] {taskinstance.py:430} INFO - ::endgroup::
[2026-01-30T20:48:57.137+0000] {logging_mixin.py:188} INFO - 🎨 Criando artefatos...
[2026-01-30T20:48:57.339+0000] {logging_mixin.py:188} INFO - Matriz de confusão salva
[2026-01-30T20:48:57.339+0000] {logging_mixin.py:188} INFO - Lista de features salva
[2026-01-30T20:48:57.339+0000] {python.py:237} INFO - Done. Returned value was: None
[2026-01-30T20:48:57.340+0000] {taskinstance.py:441} INFO - ::group::Post task execution logs
[2026-01-30T20:48:57.351+0000] {taskinstance.py:1206} INFO - Marking task as SUCCESS. dag_id=ml_training_pipeline, task_id=create_artifacts, run_id=manual__2026-01-30T20:42:39+00:00, execution_date=20260130T204239, start_date=20260130T204856, end_date=20260130T204857
[2026-01-30T20:48:57.398+0000] {local_task_job_runner.py:240} INFO - Task exited with return code 0
[2026-01-30T20:48:57.426+0000] {taskinstance.py:3498} INFO - 1 downstream tasks scheduled from follow-on schedule check
[2026-01-30T20:48:57.430+0000] {local_task_job_runner.py:222} INFO - ::endgroup::
