[2026-01-30T20:49:26.664+0000] {local_task_job_runner.py:120} INFO - ::group::Pre task execution logs
[2026-01-30T20:49:26.682+0000] {taskinstance.py:2076} INFO - Dependencies all met for dep_context=non-requeueable deps ti=<TaskInstance: ml_training_pipeline.cleanup_temp_files manual__2026-01-30T20:48:21+00:00 [queued]>
[2026-01-30T20:49:26.687+0000] {taskinstance.py:2076} INFO - Dependencies all met for dep_context=requeueable deps ti=<TaskInstance: ml_training_pipeline.cleanup_temp_files manual__2026-01-30T20:48:21+00:00 [queued]>
[2026-01-30T20:49:26.688+0000] {taskinstance.py:2306} INFO - Starting attempt 1 of 3
[2026-01-30T20:49:26.700+0000] {taskinstance.py:2330} INFO - Executing <Task(PythonOperator): cleanup_temp_files> on 2026-01-30 20:48:21+00:00
[2026-01-30T20:49:26.712+0000] {logging_mixin.py:188} WARNING - /home/***/.local/lib/python3.12/site-packages/***/task/task_runner/standard_task_runner.py:61 DeprecationWarning: This process (pid=1411) is multi-threaded, use of fork() may lead to deadlocks in the child.
[2026-01-30T20:49:26.713+0000] {standard_task_runner.py:63} INFO - Started process 1428 to run task
[2026-01-30T20:49:26.711+0000] {standard_task_runner.py:90} INFO - Running: ['***', 'tasks', 'run', 'ml_training_pipeline', 'cleanup_temp_files', 'manual__2026-01-30T20:48:21+00:00', '--job-id', '20', '--raw', '--subdir', 'DAGS_FOLDER/train.py', '--cfg-path', '/tmp/tmp3hhvsu7r']
[2026-01-30T20:49:26.713+0000] {standard_task_runner.py:91} INFO - Job 20: Subtask cleanup_temp_files
[2026-01-30T20:49:26.747+0000] {task_command.py:426} INFO - Running <TaskInstance: ml_training_pipeline.cleanup_temp_files manual__2026-01-30T20:48:21+00:00 [running]> on host 8ea8966bddde
[2026-01-30T20:49:26.805+0000] {taskinstance.py:2648} INFO - Exporting env vars: AIRFLOW_CTX_DAG_EMAIL='data-team@example.com' AIRFLOW_CTX_DAG_OWNER='data_science_team' AIRFLOW_CTX_DAG_ID='ml_training_pipeline' AIRFLOW_CTX_TASK_ID='cleanup_temp_files' AIRFLOW_CTX_EXECUTION_DATE='2026-01-30T20:48:21+00:00' AIRFLOW_CTX_TRY_NUMBER='1' AIRFLOW_CTX_DAG_RUN_ID='manual__2026-01-30T20:48:21+00:00'
[2026-01-30T20:49:26.806+0000] {taskinstance.py:430} INFO - ::endgroup::
[2026-01-30T20:49:26.814+0000] {logging_mixin.py:188} INFO - Limpando arquivos temporários...
[2026-01-30T20:49:26.815+0000] {logging_mixin.py:188} INFO -  Limpeza concluída!
[2026-01-30T20:49:26.815+0000] {python.py:237} INFO - Done. Returned value was: None
[2026-01-30T20:49:26.816+0000] {taskinstance.py:441} INFO - ::group::Post task execution logs
[2026-01-30T20:49:26.822+0000] {taskinstance.py:1206} INFO - Marking task as SUCCESS. dag_id=ml_training_pipeline, task_id=cleanup_temp_files, run_id=manual__2026-01-30T20:48:21+00:00, execution_date=20260130T204821, start_date=20260130T204926, end_date=20260130T204926
[2026-01-30T20:49:26.846+0000] {local_task_job_runner.py:240} INFO - Task exited with return code 0
[2026-01-30T20:49:26.858+0000] {taskinstance.py:3498} INFO - 0 downstream tasks scheduled from follow-on schedule check
[2026-01-30T20:49:26.861+0000] {local_task_job_runner.py:222} INFO - ::endgroup::
