[2026-01-30T20:48:52.686+0000] {local_task_job_runner.py:120} INFO - ::group::Pre task execution logs
[2026-01-30T20:48:52.718+0000] {taskinstance.py:2076} INFO - Dependencies all met for dep_context=non-requeueable deps ti=<TaskInstance: ml_training_pipeline.train_model manual__2026-01-30T20:48:21+00:00 [queued]>
[2026-01-30T20:48:52.730+0000] {taskinstance.py:2076} INFO - Dependencies all met for dep_context=requeueable deps ti=<TaskInstance: ml_training_pipeline.train_model manual__2026-01-30T20:48:21+00:00 [queued]>
[2026-01-30T20:48:52.731+0000] {taskinstance.py:2306} INFO - Starting attempt 1 of 3
[2026-01-30T20:48:52.765+0000] {taskinstance.py:2330} INFO - Executing <Task(PythonOperator): train_model> on 2026-01-30 20:48:21+00:00
[2026-01-30T20:48:52.778+0000] {logging_mixin.py:188} WARNING - /home/***/.local/lib/python3.12/site-packages/***/task/task_runner/standard_task_runner.py:61 DeprecationWarning: This process (pid=1104) is multi-threaded, use of fork() may lead to deadlocks in the child.
[2026-01-30T20:48:52.780+0000] {standard_task_runner.py:63} INFO - Started process 1145 to run task
[2026-01-30T20:48:52.778+0000] {standard_task_runner.py:90} INFO - Running: ['***', 'tasks', 'run', 'ml_training_pipeline', 'train_model', 'manual__2026-01-30T20:48:21+00:00', '--job-id', '13', '--raw', '--subdir', 'DAGS_FOLDER/train.py', '--cfg-path', '/tmp/tmp0vqz629j']
[2026-01-30T20:48:52.781+0000] {standard_task_runner.py:91} INFO - Job 13: Subtask train_model
[2026-01-30T20:48:52.838+0000] {task_command.py:426} INFO - Running <TaskInstance: ml_training_pipeline.train_model manual__2026-01-30T20:48:21+00:00 [running]> on host 8ea8966bddde
[2026-01-30T20:48:52.932+0000] {taskinstance.py:2648} INFO - Exporting env vars: AIRFLOW_CTX_DAG_EMAIL='data-team@example.com' AIRFLOW_CTX_DAG_OWNER='data_science_team' AIRFLOW_CTX_DAG_ID='ml_training_pipeline' AIRFLOW_CTX_TASK_ID='train_model' AIRFLOW_CTX_EXECUTION_DATE='2026-01-30T20:48:21+00:00' AIRFLOW_CTX_TRY_NUMBER='1' AIRFLOW_CTX_DAG_RUN_ID='manual__2026-01-30T20:48:21+00:00'
[2026-01-30T20:48:52.933+0000] {taskinstance.py:430} INFO - ::endgroup::
[2026-01-30T20:48:52.946+0000] {logging_mixin.py:188} INFO - 🤖 Treinando modelo...
[2026-01-30T20:48:53.008+0000] {logging_mixin.py:188} INFO - Modelo treinado!
[2026-01-30T20:48:53.071+0000] {python.py:237} INFO - Done. Returned value was: None
[2026-01-30T20:48:53.078+0000] {taskinstance.py:441} INFO - ::group::Post task execution logs
[2026-01-30T20:48:53.100+0000] {taskinstance.py:1206} INFO - Marking task as SUCCESS. dag_id=ml_training_pipeline, task_id=train_model, run_id=manual__2026-01-30T20:48:21+00:00, execution_date=20260130T204821, start_date=20260130T204852, end_date=20260130T204853
[2026-01-30T20:48:53.158+0000] {local_task_job_runner.py:240} INFO - Task exited with return code 0
[2026-01-30T20:48:53.194+0000] {taskinstance.py:3498} INFO - 1 downstream tasks scheduled from follow-on schedule check
[2026-01-30T20:48:53.198+0000] {local_task_job_runner.py:222} INFO - ::endgroup::
