[2026-01-30T20:48:58.100+0000] {local_task_job_runner.py:120} INFO - ::group::Pre task execution logs
[2026-01-30T20:48:58.124+0000] {taskinstance.py:2076} INFO - Dependencies all met for dep_context=non-requeueable deps ti=<TaskInstance: ml_training_pipeline.evaluate_model manual__2026-01-30T20:48:21+00:00 [queued]>
[2026-01-30T20:48:58.132+0000] {taskinstance.py:2076} INFO - Dependencies all met for dep_context=requeueable deps ti=<TaskInstance: ml_training_pipeline.evaluate_model manual__2026-01-30T20:48:21+00:00 [queued]>
[2026-01-30T20:48:58.132+0000] {taskinstance.py:2306} INFO - Starting attempt 1 of 3
[2026-01-30T20:48:58.145+0000] {taskinstance.py:2330} INFO - Executing <Task(PythonOperator): evaluate_model> on 2026-01-30 20:48:21+00:00
[2026-01-30T20:48:58.156+0000] {logging_mixin.py:188} WARNING - /home/***/.local/lib/python3.12/site-packages/***/task/task_runner/standard_task_runner.py:61 DeprecationWarning: This process (pid=1163) is multi-threaded, use of fork() may lead to deadlocks in the child.
[2026-01-30T20:48:58.158+0000] {standard_task_runner.py:63} INFO - Started process 1213 to run task
[2026-01-30T20:48:58.158+0000] {standard_task_runner.py:90} INFO - Running: ['***', 'tasks', 'run', 'ml_training_pipeline', 'evaluate_model', 'manual__2026-01-30T20:48:21+00:00', '--job-id', '15', '--raw', '--subdir', 'DAGS_FOLDER/train.py', '--cfg-path', '/tmp/tmpyw0j9j5f']
[2026-01-30T20:48:58.161+0000] {standard_task_runner.py:91} INFO - Job 15: Subtask evaluate_model
[2026-01-30T20:48:58.212+0000] {task_command.py:426} INFO - Running <TaskInstance: ml_training_pipeline.evaluate_model manual__2026-01-30T20:48:21+00:00 [running]> on host 8ea8966bddde
[2026-01-30T20:48:58.299+0000] {taskinstance.py:2648} INFO - Exporting env vars: AIRFLOW_CTX_DAG_EMAIL='data-team@example.com' AIRFLOW_CTX_DAG_OWNER='data_science_team' AIRFLOW_CTX_DAG_ID='ml_training_pipeline' AIRFLOW_CTX_TASK_ID='evaluate_model' AIRFLOW_CTX_EXECUTION_DATE='2026-01-30T20:48:21+00:00' AIRFLOW_CTX_TRY_NUMBER='1' AIRFLOW_CTX_DAG_RUN_ID='manual__2026-01-30T20:48:21+00:00'
[2026-01-30T20:48:58.300+0000] {taskinstance.py:430} INFO - ::endgroup::
[2026-01-30T20:48:58.312+0000] {logging_mixin.py:188} INFO - Avaliando modelo...
[2026-01-30T20:48:58.351+0000] {logging_mixin.py:188} INFO -    Acurácia (treino): 0.7014
[2026-01-30T20:48:58.351+0000] {logging_mixin.py:188} INFO -    Acurácia (teste): 0.6615
[2026-01-30T20:48:58.385+0000] {python.py:237} INFO - Done. Returned value was: None
[2026-01-30T20:48:58.385+0000] {taskinstance.py:441} INFO - ::group::Post task execution logs
[2026-01-30T20:48:58.394+0000] {taskinstance.py:1206} INFO - Marking task as SUCCESS. dag_id=ml_training_pipeline, task_id=evaluate_model, run_id=manual__2026-01-30T20:48:21+00:00, execution_date=20260130T204821, start_date=20260130T204858, end_date=20260130T204858
[2026-01-30T20:48:58.452+0000] {local_task_job_runner.py:240} INFO - Task exited with return code 0
[2026-01-30T20:48:58.478+0000] {taskinstance.py:3498} INFO - 1 downstream tasks scheduled from follow-on schedule check
[2026-01-30T20:48:58.481+0000] {local_task_job_runner.py:222} INFO - ::endgroup::
